[backblue.gif]
[fade.gif]
[index.html]
[innovationplans.com/idesign/avo2/avo-dark/img/favicon.ico]
[innovationplans.com/idesign/avo2/avo-dark/img/logo-light.png]
[innovationplans.com/idesign/avo2/avo-dark/img/slid/freelancer.jpg]
[innovationplans.com/idesign/avo2/avo-dark/img/portfolio/mas1/1.jpg]
[innovationplans.com/idesign/avo2/avo-dark/img/portfolio/mas1/2.jpg]
[innovationplans.com/idesign/avo2/avo-dark/img/portfolio/mas1/5.jpg]
[innovationplans.com/idesign/avo2/avo-dark/img/portfolio/mas1/3.jpg]
[innovationplans.com/idesign/avo2/avo-dark/img/portfolio/mas1/4.jpg]
[innovationplans.com/idesign/avo2/avo-dark/img/portfolio/mas1/6.jpg]
[innovationplans.com/idesign/avo2/avo-dark/img/clients/1.jpg]
[innovationplans.com/idesign/avo2/avo-dark/img/clients/2.jpg]
[innovationplans.com/idesign/avo2/avo-dark/img/clients/3.jpg]
[innovationplans.com/idesign/avo2/avo-dark/img/blog/1.jpg]
[innovationplans.com/idesign/avo2/avo-dark/img/blog/2.jpg]
[innovationplans.com/idesign/avo2/avo-dark/img/blog/3.jpg]
[innovationplans.com/idesign/avo2/avo-dark/img/clients/brands/01.png]
[innovationplans.com/idesign/avo2/avo-dark/img/clients/brands/02.png]
[innovationplans.com/idesign/avo2/avo-dark/img/clients/brands/03.png]
[innovationplans.com/idesign/avo2/avo-dark/img/clients/brands/04.png]
[innovationplans.com/idesign/avo2/avo-dark/img/clients/brands/05.png]
[innovationplans.com/idesign/avo2/avo-dark/img/clients/brands/06.png]
[innovationplans.com/idesign/avo2/avo-dark/img/clients/brands/07.png]
[innovationplans.com/idesign/avo2/avo-dark/img/clients/brands/08.png]
[innovationplans.com/idesign/avo2/avo-dark/img/insta/1.jpg]
[innovationplans.com/idesign/avo2/avo-dark/img/insta/2.jpg]
[innovationplans.com/idesign/avo2/avo-dark/img/insta/3.jpg]
[innovationplans.com/idesign/avo2/avo-dark/index5.html]
[innovationplans.com/idesign/avo2/avo-dark/css/plugins.css]
[innovationplans.com/idesign/avo2/avo-dark/css/style.css]
[innovationplans.com/idesign/avo2/avo-dark/img/dots.png]
[innovationplans.com/idesign/avo2/avo-dark/img/intro/1.jpg]
[innovationplans.com/idesign/avo2/avo-dark/img/intro/3.jpg]
[innovationplans.com/idesign/avo2/avo-dark/img/intro/2.jpg]
[innovationplans.com/idesign/avo2/avo-dark/img/1.jpg]
[innovationplans.com/idesign/avo2/avo-dark/img/portfolio/metro/01.jpg]
[innovationplans.com/idesign/avo2/avo-dark/img/portfolio/metro/02.jpg]
[innovationplans.com/idesign/avo2/avo-dark/img/portfolio/metro/03.jpg]
[innovationplans.com/idesign/avo2/avo-dark/img/portfolio/metro/04.jpg]
[innovationplans.com/idesign/avo2/avo-dark/img/portfolio/metro/05.jpg]
[innovationplans.com/idesign/avo2/avo-dark/img/blog/4.jpg]
[innovationplans.com/idesign/avo2/avo-dark/index.html]
[innovationplans.com/idesign/avo2/avo-dark/img/pattern.png]
[innovationplans.com/idesign/avo2/avo-dark/img/portfolio/mas/01.jpg]
[innovationplans.com/idesign/avo2/avo-dark/img/portfolio/mas/02.jpg]
[innovationplans.com/idesign/avo2/avo-dark/img/portfolio/mas/03.jpg]
[innovationplans.com/idesign/avo2/avo-dark/img/portfolio/mas/04.jpg]
[innovationplans.com/idesign/avo2/avo-dark/img/portfolio/mas/05.jpg]
[innovationplans.com/idesign/avo2/avo-dark/img/portfolio/mas/06.jpg]
[innovationplans.com/idesign/avo2/avo-dark/index2.html]
[innovationplans.com/idesign/avo2/avo-dark/img/business-bg.png]
[innovationplans.com/idesign/avo2/avo-dark/img/vid.jpg]
[innovationplans.com/idesign/avo2/avo-dark/img/portfolio/curs/1.jpg]
[innovationplans.com/idesign/avo2/avo-dark/img/portfolio/curs/2.jpg]
[innovationplans.com/idesign/avo2/avo-dark/img/portfolio/curs/3.jpg]
[innovationplans.com/idesign/avo2/avo-dark/img/portfolio/curs/4.jpg]
[innovationplans.com/idesign/avo2/avo-dark/index3.html]
[innovationplans.com/idesign/avo2/avo-dark/img/portfolio/curs/5.jpg]
[innovationplans.com/idesign/avo2/avo-dark/img/team/1.jpg]
[innovationplans.com/idesign/avo2/avo-dark/img/team/2.jpg]
[innovationplans.com/idesign/avo2/avo-dark/img/team/3.jpg]
[innovationplans.com/idesign/avo2/avo-dark/index4.html]
[innovationplans.com/idesign/avo2/avo-dark/img/team/4.jpg]
[innovationplans.com/idesign/avo2/avo-dark/showcase.html]
[innovationplans.com/idesign/avo2/avo-dark/showcase2.html]
[innovationplans.com/idesign/avo2/avo-dark/showcase3.html]
[innovationplans.com/idesign/avo2/avo-dark/showcase4.html]
[innovationplans.com/idesign/avo2/avo-dark/img/team/01.jpg]
[innovationplans.com/idesign/avo2/avo-dark/img/team/02.jpg]
[innovationplans.com/idesign/avo2/avo-dark/img/team/03.jpg]
[innovationplans.com/idesign/avo2/avo-dark/img/team/5.jpg]
[innovationplans.com/idesign/avo2/avo-dark/img/team/6.jpg]
[innovationplans.com/idesign/avo2/avo-dark/img/min-area.jpg]
[innovationplans.com/idesign/avo2/avo-dark/about.html]
[innovationplans.com/idesign/avo2/avo-dark/img/portfolio/works/1.jpg]
[innovationplans.com/idesign/avo2/avo-dark/img/portfolio/works/2.jpg]
[innovationplans.com/idesign/avo2/avo-dark/img/portfolio/works/3.jpg]
[innovationplans.com/idesign/avo2/avo-dark/img/portfolio/works/6.jpg]
[innovationplans.com/idesign/avo2/avo-dark/img/portfolio/works/5.jpg]
[innovationplans.com/idesign/avo2/avo-dark/img/portfolio/works/4.jpg]
[innovationplans.com/idesign/avo2/avo-dark/img/portfolio/works/7.jpg]
[innovationplans.com/idesign/avo2/avo-dark/img/portfolio/works/8.jpg]
[innovationplans.com/idesign/avo2/avo-dark/works.html]
[innovationplans.com/idesign/avo2/avo-dark/img/portfolio/works/9.jpg]
[innovationplans.com/idesign/avo2/avo-dark/works2.html]
[innovationplans.com/idesign/avo2/avo-dark/works3.html]
[innovationplans.com/idesign/avo2/avo-dark/works4.html]
[innovationplans.com/idesign/avo2/avo-dark/contact.html]
[innovationplans.com/idesign/avo2/avo-dark/img/portfolio/project1/bg.jpg]
[innovationplans.com/idesign/avo2/avo-dark/img/portfolio/project1/1.jpg]
[innovationplans.com/idesign/avo2/avo-dark/img/portfolio/project1/2.jpg]
[innovationplans.com/idesign/avo2/avo-dark/img/portfolio/project1/3.jpg]
[innovationplans.com/idesign/avo2/avo-dark/img/portfolio/project1/4.jpg]
[innovationplans.com/idesign/avo2/avo-dark/img/portfolio/project1/5.jpg]
[innovationplans.com/idesign/avo2/avo-dark/img/portfolio/project1/6.jpg]
[innovationplans.com/idesign/avo2/avo-dark/project-details.html]
[innovationplans.com/idesign/avo2/avo-dark/js/jquery-3.0.0.min.js]
[innovationplans.com/idesign/avo2/avo-dark/js/jquery-migrate-3.0.0.min.js]
[innovationplans.com/idesign/avo2/avo-dark/js/plugins.js]
[innovationplans.com/idesign/avo2/avo-dark/img/logo-dark.png]
[innovationplans.com/idesign/avo2/avo-dark/js/scripts.js]
[innovationplans.com/idesign/avo2/avo-dark/css/plugins/bootstrap.min.css]
[innovationplans.com/idesign/avo2/avo-dark/css/plugins/animate.css]
[innovationplans.com/idesign/avo2/avo-dark/css/plugins/ionicons.min.css]
[innovationplans.com/idesign/avo2/avo-dark/css/plugins/pe-icon-7-stroke.css]
[innovationplans.com/idesign/avo2/avo-dark/css/plugins/fontawesome-all.min.css]
[innovationplans.com/idesign/avo2/avo-dark/css/plugins/justifiedGallery.min.css]
[innovationplans.com/idesign/avo2/avo-dark/css/plugins/YouTubePopUp.css]
[innovationplans.com/idesign/avo2/avo-dark/css/plugins/slick.css]
[innovationplans.com/idesign/avo2/avo-dark/css/plugins/slick-theme.css]
[innovationplans.com/idesign/avo2/avo-dark/css/plugins/swiper.min.css]
[innovationplans.com/idesign/avo2/avo-dark/img/portfolio/project2/bg.jpg]
[innovationplans.com/idesign/avo2/avo-dark/img/portfolio/project2/1.jpg]
[innovationplans.com/idesign/avo2/avo-dark/img/portfolio/project2/2.jpg]
[innovationplans.com/idesign/avo2/avo-dark/img/portfolio/project2/3.jpg]
[innovationplans.com/idesign/avo2/avo-dark/img/portfolio/project2/5.jpg]
[innovationplans.com/idesign/avo2/avo-dark/img/portfolio/project2/7.jpg]
[innovationplans.com/idesign/avo2/avo-dark/project-details2.html]
[innovationplans.com/idesign/avo2/avo-dark/js/map.js]
[innovationplans.com/idesign/avo2/avo-dark/Trident/index.html]
[innovationplans.com/idesign/avo2/avo-dark/Edge/index.html]
[innovationplans.com/idesign/avo2/avo-dark/Gecko/index.html]
[innovationplans.com/idesign/avo2/avo-dark/Firefox/index.html]
[innovationplans.com/idesign/avo2/avo-dark/Version/index.html]
[innovationplans.com/idesign/avo2/avo-dark/version/index-2.html]
[innovationplans.com/idesign/avo2/avo-dark/fonts/ionicons28b5.html]
[innovationplans.com/idesign/avo2/avo-dark/fonts/ionicons28b5-2.html]
[innovationplans.com/idesign/avo2/avo-dark/fonts/ionicons28b5-3.html]
[innovationplans.com/idesign/avo2/avo-dark/fonts/Pe-icon-7-strokebb1d.html]
[innovationplans.com/idesign/avo2/avo-dark/fonts/Pe-icon-7-stroked41d.html]
[innovationplans.com/idesign/avo2/avo-dark/fonts/Pe-icon-7-strokebb1d-2.html]
[innovationplans.com/idesign/avo2/avo-dark/fonts/Pe-icon-7-strokebb1d-3.html]
[innovationplans.com/idesign/avo2/avo-dark/fonts/fa-brands-400.html]
[innovationplans.com/idesign/avo2/avo-dark/fonts/fa-brands-400d41d.html]
[innovationplans.com/idesign/avo2/avo-dark/fonts/fa-brands-401.html]
[innovationplans.com/idesign/avo2/avo-dark/fonts/fa-brands-403.html]
[innovationplans.com/idesign/avo2/avo-dark/fonts/fa-regular-400.html]
[innovationplans.com/idesign/avo2/avo-dark/fonts/fa-regular-400d41d.html]
[innovationplans.com/idesign/avo2/avo-dark/fonts/fa-regular-401.html]
[innovationplans.com/idesign/avo2/avo-dark/fonts/fa-regular-402.html]
[innovationplans.com/idesign/avo2/avo-dark/fonts/fa-regular-403.html]
[innovationplans.com/idesign/avo2/avo-dark/fonts/fa-solid-900.html]
[innovationplans.com/idesign/avo2/avo-dark/fonts/fa-solid-900d41d.html]
[innovationplans.com/idesign/avo2/avo-dark/fonts/fa-solid-901.html]
[innovationplans.com/idesign/avo2/avo-dark/fonts/fa-solid-902.html]
[innovationplans.com/idesign/avo2/avo-dark/fonts/fa-solid-903.html]
[innovationplans.com/idesign/avo2/avo-dark/fonts/fa-brands-402.html]
